Archive member included because of file (symbol)

c:/program files (x86)/codesourcery/sourcery_codebench_lite_for_arm_eabi/bin/../lib/gcc/arm-none-eabi/4.6.3/../../../../arm-none-eabi/lib\libc.a(lib_a-memcpy.o)
                              AMP_BM_REF_DESIGN/main.o (memcpy)
c:/program files (x86)/codesourcery/sourcery_codebench_lite_for_arm_eabi/bin/../lib/gcc/arm-none-eabi/4.6.3/../../../../arm-none-eabi/lib\libc.a(lib_a-memset.o)
                              AMP_BM_REF_DESIGN/main.o (memset)
c:/program files (x86)/codesourcery/sourcery_codebench_lite_for_arm_eabi/bin/../lib/gcc/arm-none-eabi/4.6.3/../../../../arm-none-eabi/lib\libc.a(lib_a-sprintf.o)
                              AMP_BM_REF_DESIGN/main.o (sprintf)
c:/program files (x86)/codesourcery/sourcery_codebench_lite_for_arm_eabi/bin/../lib/gcc/arm-none-eabi/4.6.3/../../../../arm-none-eabi/lib\libc.a(lib_a-svfprintf.o)
                              c:/program files (x86)/codesourcery/sourcery_codebench_lite_for_arm_eabi/bin/../lib/gcc/arm-none-eabi/4.6.3/../../../../arm-none-eabi/lib\libc.a(lib_a-sprintf.o) (_svfprintf_r)
c:/program files (x86)/codesourcery/sourcery_codebench_lite_for_arm_eabi/bin/../lib/gcc/arm-none-eabi/4.6.3/../../../../arm-none-eabi/lib\libc.a(lib_a-vsnprintf.o)
                              AMP_BM_REF_DESIGN/bmlog.o (vsnprintf)
c:/program files (x86)/codesourcery/sourcery_codebench_lite_for_arm_eabi/bin/../lib/gcc/arm-none-eabi/4.6.3/../../../../arm-none-eabi/lib\libc.a(lib_a-dtoa.o)
                              c:/program files (x86)/codesourcery/sourcery_codebench_lite_for_arm_eabi/bin/../lib/gcc/arm-none-eabi/4.6.3/../../../../arm-none-eabi/lib\libc.a(lib_a-svfprintf.o) (_dtoa_r)
c:/program files (x86)/codesourcery/sourcery_codebench_lite_for_arm_eabi/bin/../lib/gcc/arm-none-eabi/4.6.3/../../../../arm-none-eabi/lib\libc.a(lib_a-impure.o)
                              c:/program files (x86)/codesourcery/sourcery_codebench_lite_for_arm_eabi/bin/../lib/gcc/arm-none-eabi/4.6.3/../../../../arm-none-eabi/lib\libc.a(lib_a-sprintf.o) (_impure_ptr)
c:/program files (x86)/codesourcery/sourcery_codebench_lite_for_arm_eabi/bin/../lib/gcc/arm-none-eabi/4.6.3/../../../../arm-none-eabi/lib\libc.a(lib_a-locale.o)
                              c:/program files (x86)/codesourcery/sourcery_codebench_lite_for_arm_eabi/bin/../lib/gcc/arm-none-eabi/4.6.3/../../../../arm-none-eabi/lib\libc.a(lib_a-svfprintf.o) (_localeconv_r)
c:/program files (x86)/codesourcery/sourcery_codebench_lite_for_arm_eabi/bin/../lib/gcc/arm-none-eabi/4.6.3/../../../../arm-none-eabi/lib\libc.a(lib_a-mallocr.o)
                              c:/program files (x86)/codesourcery/sourcery_codebench_lite_for_arm_eabi/bin/../lib/gcc/arm-none-eabi/4.6.3/../../../../arm-none-eabi/lib\libc.a(lib_a-svfprintf.o) (_malloc_r)
c:/program files (x86)/codesourcery/sourcery_codebench_lite_for_arm_eabi/bin/../lib/gcc/arm-none-eabi/4.6.3/../../../../arm-none-eabi/lib\libc.a(lib_a-memchr.o)
                              c:/program files (x86)/codesourcery/sourcery_codebench_lite_for_arm_eabi/bin/../lib/gcc/arm-none-eabi/4.6.3/../../../../arm-none-eabi/lib\libc.a(lib_a-svfprintf.o) (memchr)
c:/program files (x86)/codesourcery/sourcery_codebench_lite_for_arm_eabi/bin/../lib/gcc/arm-none-eabi/4.6.3/../../../../arm-none-eabi/lib\libc.a(lib_a-mlock.o)
                              c:/program files (x86)/codesourcery/sourcery_codebench_lite_for_arm_eabi/bin/../lib/gcc/arm-none-eabi/4.6.3/../../../../arm-none-eabi/lib\libc.a(lib_a-mallocr.o) (__malloc_lock)
c:/program files (x86)/codesourcery/sourcery_codebench_lite_for_arm_eabi/bin/../lib/gcc/arm-none-eabi/4.6.3/../../../../arm-none-eabi/lib\libc.a(lib_a-mprec.o)
                              c:/program files (x86)/codesourcery/sourcery_codebench_lite_for_arm_eabi/bin/../lib/gcc/arm-none-eabi/4.6.3/../../../../arm-none-eabi/lib\libc.a(lib_a-dtoa.o) (_Balloc)
c:/program files (x86)/codesourcery/sourcery_codebench_lite_for_arm_eabi/bin/../lib/gcc/arm-none-eabi/4.6.3/../../../../arm-none-eabi/lib\libc.a(lib_a-s_fpclassify.o)
                              c:/program files (x86)/codesourcery/sourcery_codebench_lite_for_arm_eabi/bin/../lib/gcc/arm-none-eabi/4.6.3/../../../../arm-none-eabi/lib\libc.a(lib_a-svfprintf.o) (__fpclassifyd)
c:/program files (x86)/codesourcery/sourcery_codebench_lite_for_arm_eabi/bin/../lib/gcc/arm-none-eabi/4.6.3/../../../../arm-none-eabi/lib\libc.a(lib_a-sbrkr.o)
                              c:/program files (x86)/codesourcery/sourcery_codebench_lite_for_arm_eabi/bin/../lib/gcc/arm-none-eabi/4.6.3/../../../../arm-none-eabi/lib\libc.a(lib_a-mallocr.o) (_sbrk_r)
c:/program files (x86)/codesourcery/sourcery_codebench_lite_for_arm_eabi/bin/../lib/gcc/arm-none-eabi/4.6.3/../../../../arm-none-eabi/lib\libc.a(lib_a-strcmp.o)
                              c:/program files (x86)/codesourcery/sourcery_codebench_lite_for_arm_eabi/bin/../lib/gcc/arm-none-eabi/4.6.3/../../../../arm-none-eabi/lib\libc.a(lib_a-locale.o) (strcmp)
c:/program files (x86)/codesourcery/sourcery_codebench_lite_for_arm_eabi/bin/../lib/gcc/arm-none-eabi/4.6.3/../../../../arm-none-eabi/lib\libc.a(lib_a-strlen.o)
                              c:/program files (x86)/codesourcery/sourcery_codebench_lite_for_arm_eabi/bin/../lib/gcc/arm-none-eabi/4.6.3/../../../../arm-none-eabi/lib\libc.a(lib_a-svfprintf.o) (strlen)
c:/program files (x86)/codesourcery/sourcery_codebench_lite_for_arm_eabi/bin/../lib/gcc/arm-none-eabi/4.6.3/../../../../arm-none-eabi/lib\libc.a(lib_a-svfiprintf.o)
                              c:/program files (x86)/codesourcery/sourcery_codebench_lite_for_arm_eabi/bin/../lib/gcc/arm-none-eabi/4.6.3/../../../../arm-none-eabi/lib\libc.a(lib_a-svfprintf.o) (__ssprint_r)
c:/program files (x86)/codesourcery/sourcery_codebench_lite_for_arm_eabi/bin/../lib/gcc/arm-none-eabi/4.6.3/../../../../arm-none-eabi/lib\libc.a(lib_a-callocr.o)
                              c:/program files (x86)/codesourcery/sourcery_codebench_lite_for_arm_eabi/bin/../lib/gcc/arm-none-eabi/4.6.3/../../../../arm-none-eabi/lib\libc.a(lib_a-mprec.o) (_calloc_r)
c:/program files (x86)/codesourcery/sourcery_codebench_lite_for_arm_eabi/bin/../lib/gcc/arm-none-eabi/4.6.3/../../../../arm-none-eabi/lib\libc.a(lib_a-freer.o)
                              c:/program files (x86)/codesourcery/sourcery_codebench_lite_for_arm_eabi/bin/../lib/gcc/arm-none-eabi/4.6.3/../../../../arm-none-eabi/lib\libc.a(lib_a-mallocr.o) (_free_r)
c:/program files (x86)/codesourcery/sourcery_codebench_lite_for_arm_eabi/bin/../lib/gcc/arm-none-eabi/4.6.3/../../../../arm-none-eabi/lib\libc.a(lib_a-memmove.o)
                              c:/program files (x86)/codesourcery/sourcery_codebench_lite_for_arm_eabi/bin/../lib/gcc/arm-none-eabi/4.6.3/../../../../arm-none-eabi/lib\libc.a(lib_a-svfiprintf.o) (memmove)
c:/program files (x86)/codesourcery/sourcery_codebench_lite_for_arm_eabi/bin/../lib/gcc/arm-none-eabi/4.6.3/../../../../arm-none-eabi/lib\libc.a(lib_a-reallocr.o)
                              c:/program files (x86)/codesourcery/sourcery_codebench_lite_for_arm_eabi/bin/../lib/gcc/arm-none-eabi/4.6.3/../../../../arm-none-eabi/lib\libc.a(lib_a-svfiprintf.o) (_realloc_r)
c:/program files (x86)/codesourcery/sourcery_codebench_lite_for_arm_eabi/bin/../lib/gcc/arm-none-eabi/4.6.3/../../../../arm-none-eabi/lib\libc.a(lib_a-reent.o)
                              c:/program files (x86)/codesourcery/sourcery_codebench_lite_for_arm_eabi/bin/../lib/gcc/arm-none-eabi/4.6.3/../../../../arm-none-eabi/lib\libc.a(lib_a-sbrkr.o) (errno)
C:/Program Files (x86)/CodeSourcery/Sourcery_CodeBench_Lite_for_ARM_EABI/lib/gcc/arm-none-eabi/4.6.3\libgcc.a(_udivsi3.o)
                              AMP_BM_REF_DESIGN/main.o (__aeabi_uidiv)
C:/Program Files (x86)/CodeSourcery/Sourcery_CodeBench_Lite_for_ARM_EABI/lib/gcc/arm-none-eabi/4.6.3\libgcc.a(_dvmd_tls.o)
                              C:/Program Files (x86)/CodeSourcery/Sourcery_CodeBench_Lite_for_ARM_EABI/lib/gcc/arm-none-eabi/4.6.3\libgcc.a(_udivsi3.o) (__aeabi_idiv0)
C:/Program Files (x86)/CodeSourcery/Sourcery_CodeBench_Lite_for_ARM_EABI/lib/gcc/arm-none-eabi/4.6.3\libgcc.a(_arm_addsubdf3.o)
                              c:/program files (x86)/codesourcery/sourcery_codebench_lite_for_arm_eabi/bin/../lib/gcc/arm-none-eabi/4.6.3/../../../../arm-none-eabi/lib\libc.a(lib_a-dtoa.o) (__aeabi_dsub)
C:/Program Files (x86)/CodeSourcery/Sourcery_CodeBench_Lite_for_ARM_EABI/lib/gcc/arm-none-eabi/4.6.3\libgcc.a(_arm_muldivdf3.o)
                              c:/program files (x86)/codesourcery/sourcery_codebench_lite_for_arm_eabi/bin/../lib/gcc/arm-none-eabi/4.6.3/../../../../arm-none-eabi/lib\libc.a(lib_a-dtoa.o) (__aeabi_dmul)
C:/Program Files (x86)/CodeSourcery/Sourcery_CodeBench_Lite_for_ARM_EABI/lib/gcc/arm-none-eabi/4.6.3\libgcc.a(_arm_cmpdf2.o)
                              c:/program files (x86)/codesourcery/sourcery_codebench_lite_for_arm_eabi/bin/../lib/gcc/arm-none-eabi/4.6.3/../../../../arm-none-eabi/lib\libc.a(lib_a-svfprintf.o) (__aeabi_dcmpeq)
C:/Program Files (x86)/CodeSourcery/Sourcery_CodeBench_Lite_for_ARM_EABI/lib/gcc/arm-none-eabi/4.6.3\libgcc.a(_arm_fixdfsi.o)
                              c:/program files (x86)/codesourcery/sourcery_codebench_lite_for_arm_eabi/bin/../lib/gcc/arm-none-eabi/4.6.3/../../../../arm-none-eabi/lib\libc.a(lib_a-dtoa.o) (__aeabi_d2iz)
C:/Program Files (x86)/CodeSourcery/Sourcery_CodeBench_Lite_for_ARM_EABI/lib/gcc/arm-none-eabi/4.6.3\libgcc.a(_aeabi_uldivmod.o)
                              c:/program files (x86)/codesourcery/sourcery_codebench_lite_for_arm_eabi/bin/../lib/gcc/arm-none-eabi/4.6.3/../../../../arm-none-eabi/lib\libc.a(lib_a-svfprintf.o) (__aeabi_uldivmod)
C:/Program Files (x86)/CodeSourcery/Sourcery_CodeBench_Lite_for_ARM_EABI/lib/gcc/arm-none-eabi/4.6.3\libgcc.a(bpabi.o)
                              C:/Program Files (x86)/CodeSourcery/Sourcery_CodeBench_Lite_for_ARM_EABI/lib/gcc/arm-none-eabi/4.6.3\libgcc.a(_aeabi_uldivmod.o) (__gnu_uldivmod_helper)
C:/Program Files (x86)/CodeSourcery/Sourcery_CodeBench_Lite_for_ARM_EABI/lib/gcc/arm-none-eabi/4.6.3\libgcc.a(_divdi3.o)
                              C:/Program Files (x86)/CodeSourcery/Sourcery_CodeBench_Lite_for_ARM_EABI/lib/gcc/arm-none-eabi/4.6.3\libgcc.a(bpabi.o) (__divdi3)
C:/Program Files (x86)/CodeSourcery/Sourcery_CodeBench_Lite_for_ARM_EABI/lib/gcc/arm-none-eabi/4.6.3\libgcc.a(_udivdi3.o)
                              C:/Program Files (x86)/CodeSourcery/Sourcery_CodeBench_Lite_for_ARM_EABI/lib/gcc/arm-none-eabi/4.6.3\libgcc.a(bpabi.o) (__udivdi3)
C:/Program Files (x86)/CodeSourcery/Sourcery_CodeBench_Lite_for_ARM_EABI/lib/gcc/arm-none-eabi/4.6.3\libgcc.a(_clzsi2.o)
                              C:/Program Files (x86)/CodeSourcery/Sourcery_CodeBench_Lite_for_ARM_EABI/lib/gcc/arm-none-eabi/4.6.3\libgcc.a(_divdi3.o) (__clzsi2)

Allocating common symbols
Common symbol       size              file

errno               0x4               c:/program files (x86)/codesourcery/sourcery_codebench_lite_for_arm_eabi/bin/../lib/gcc/arm-none-eabi/4.6.3/../../../../arm-none-eabi/lib\libc.a(lib_a-reent.o)
bm_sd_get_offset    0x4               AMP_BM_REF_DESIGN/sd_load.o
sf_probe            0x4               AMP_BM_REF_DESIGN/qspi.o
bm_sd_probe         0x4               AMP_BM_REF_DESIGN/sd_load.o
sf_read             0x4               AMP_BM_REF_DESIGN/qspi.o
bm_sd_block_read    0x4               AMP_BM_REF_DESIGN/sd_load.o
gDMAtestIrqInfoChan0
                    0xc               AMP_BM_REF_DESIGN/main.o

Memory Configuration

Name             Origin             Length             Attributes
*default*        0x00000000         0xffffffff

Linker script and memory map

                0x1e000000                . = 0x1e000000

.text           0x1e000000     0xc830
 AMP_BM_REF_DESIGN/start.o(.text)
 .text          0x1e000000      0x204 AMP_BM_REF_DESIGN/start.o
                0x1e000000                start
                0x1e0001b4                ledblink
                0x1e0001c8                ledblink1
 *(.text)
 .text          0x1e000204      0x4d8 AMP_BM_REF_DESIGN/main.o
                0x1e000204                gic_sgi15_handler
                0x1e000218                gic_sgi0to7_handler
                0x1e000420                gic_sgi8_handler
                0x1e0004a0                delayN1
                0x1e0004a4                delayN
                0x1e0004a8                gic_sgi_init
                0x1e0005b0                fire_fpga_irq
                0x1e0005d0                DMAC_regs_dump
                0x1e0006b8                InitPeripheral
 .text          0x1e0006dc       0xb0 AMP_BM_REF_DESIGN/exception.o
                0x1e0006dc                CPU_ARM_ExceptUndefInstrHndlr
                0x1e0006ec                CPU_ARM_ExceptSwiHndlr
                0x1e0006fc                CPU_ARM_ExceptPrefetchAbortHndlr
                0x1e000710                CPU_ARM_ExceptDataAbortHndlr
                0x1e000724                CPU_ARM_ExceptFiqHndlr
                0x1e00074c                CPU_ARM_ExceptIrqHndlr
 .text          0x1e00078c      0x6dc AMP_BM_REF_DESIGN/gic.o
                0x1e00078c                gic_raise_interrupt
                0x1e00079c                gic_Int_vect_clr
                0x1e0007ac                gic_Int_vect_set
                0x1e0007b4                gic_Int_cb
                0x1e0007d0                gic_Int_clr
                0x1e0007dc                gic_Int_dis
                0x1e0007fc                gic_Int_dis_all
                0x1e000810                gic_Int_en
                0x1e000830                gic_Int_cfg_target
                0x1e000858                gic_Int_cfg_target_ex
                0x1e0008c4                gic_Int_cfg
                0x1e000944                gic_Int_init
                0x1e000c20                gic_Int_cfg_ex
                0x1e000ce8                gic_Int_vect_reg
                0x1e000d14                gic_Int_vect_unreg
                0x1e000d3c                except_handler
                0x1e000d48                identify_and_clear_source
                0x1e000e40                C_irq_handler
 .text          0x1e000e68      0x308 AMP_BM_REF_DESIGN/mmu.o
                0x1e000e68                build_PGTL
 *fill*         0x1e001170       0x10 00
 .text          0x1e001180       0x80 AMP_BM_REF_DESIGN/memset_int.o
                0x1e001184                memset_int
 .text          0x1e001200      0x8e0 AMP_BM_REF_DESIGN/iic_bitbang.o
                0x1e001200                Delay
                0x1e00123c                SCLH_SDAH
                0x1e001298                SCLH_SDAL
                0x1e0012f4                SCLL_SDAH
                0x1e001350                SCLL_SDAL
                0x1e0013ac                IIC_ELow
                0x1e0013c4                IIC_EHigh
                0x1e0013dc                IIC_EStart
                0x1e001428                IIC_EEnd
                0x1e001474                IIC_EAck
                0x1e0015c0                IIC_ESetport
                0x1e001634                IIC_EWrite
                0x1e001890                IIC_EXfer
                0x1e001a7c                LCD_SetCursor
                0x1e001ab4                IIC_InitIp
 .text          0x1e001ae0      0xcd8 AMP_BM_REF_DESIGN/dma.o
                0x1e001ae0                alt_dma_init
                0x1e001cd4                alt_dma_channel_kill
                0x1e001db8                alt_dma_channel_alloc
                0x1e001de8                alt_dma_channel_free
                0x1e001e38                alt_dma_uninit
                0x1e001f98                alt_dma_channel_exec
                0x1e00202c                alt_dma_send_event
                0x1e002058                alt_dma_manager_state_get
                0x1e002074                alt_dma_channel_state_get
                0x1e00209c                alt_dma_manager_fault_status_get
                0x1e0020b4                alt_dma_channel_fault_status_get
                0x1e0020d8                alt_dma_event_int_select
                0x1e002140                alt_dma_int_clear
                0x1e002164                alt_dma_memory_to_memory
                0x1e002578                alt_dma_periph_to_memory
 .text          0x1e0027b8      0xa40 AMP_BM_REF_DESIGN/dma_internal.o
                0x1e0027b8                alt_dma_program_init
                0x1e0027e0                alt_dma_program_uninit
                0x1e0027e8                alt_dma_program_clear
                0x1e002800                alt_dma_program_validate
                0x1e00282c                alt_dma_program_progress_reg
                0x1e0028c0                alt_dma_program_update_reg
                0x1e002948                alt_dma_program_DMAADDH
                0x1e0029b4                alt_dma_program_DMAADNH
                0x1e002a20                alt_dma_program_DMAEND
                0x1e002a6c                alt_dma_program_DMAFLUSHP
                0x1e002ac4                alt_dma_program_DMAGO
                0x1e002b4c                alt_dma_program_DMAKILL
                0x1e002b7c                alt_dma_program_DMALD
                0x1e002be4                alt_dma_program_DMALDP
                0x1e002c54                alt_dma_program_DMALP
                0x1e002cfc                alt_dma_program_DMALPEND
                0x1e002e1c                alt_dma_program_DMALPFE
                0x1e002e78                alt_dma_program_DMAMOV
                0x1e002f2c                alt_dma_program_DMANOP
                0x1e002f5c                alt_dma_program_DMARMB
                0x1e002f8c                alt_dma_program_DMASEV
                0x1e002fe8                alt_dma_program_DMAST
                0x1e003050                alt_dma_program_DMASTP
                0x1e0030c0                alt_dma_program_DMASTZ
                0x1e0030f0                alt_dma_program_DMAWFE
                0x1e003148                alt_dma_program_DMAWFP
                0x1e0031c8                alt_dma_program_DMAWMB
 .text          0x1e0031f8      0x150 AMP_BM_REF_DESIGN/reset_manager.o
                0x1e0031f8                watchdog_disable
                0x1e00321c                is_wdt_in_reset
                0x1e003230                reset_cpu
                0x1e003244                reset_deassert_all_peripherals
                0x1e003258                reset_deassert_all_bridges
                0x1e003294                reset_deassert_cpu1
                0x1e0032a8                reset_deassert_osc1timer0
                0x1e0032c0                reset_deassert_osc1wd0
                0x1e0032d8                reset_assert_all_peripherals
                0x1e0032ec                reset_assert_all_bridges
                0x1e0032f0                reset_assert_all_peripherals_except_l4wd0
                0x1e003304                reset_deassert_peripherals_handoff
 .text          0x1e003348      0x470 AMP_BM_REF_DESIGN/fpga_manager.o
                0x1e003348                is_fpgamgr_fpga_ready
                0x1e00339c                fpgamgr_program_fpga
 .text          0x1e0037b8      0x1c4 AMP_BM_REF_DESIGN/bmlog.o
                0x1e0037b8                serial0_putc
                0x1e0037dc                uartputs
                0x1e003834                _sbrk
                0x1e003864                vscnprintf
                0x1e003888                bmlog
                0x1e003920                uartprintf
 .text          0x1e00397c       0x64 AMP_BM_REF_DESIGN/twd.o
                0x1e00397c                pvt_init
                0x1e0039ac                pvt_start
                0x1e0039c0                pvt_stop
                0x1e0039d4                pvt_read
 .text          0x1e0039e0       0x68 AMP_BM_REF_DESIGN/l2lock.o
                0x1e0039e0                lock_code_data_section_to_L2
                0x1e0039f8                LockCodeData
 .text          0x1e003a48      0x310 AMP_BM_REF_DESIGN/cache.o
                0x1e003a48                L1DCacheFlush
                0x1e003b28                L1DCacheInvalid
                0x1e003c08                L1ICacheInvalid
                0x1e003c20                L1DCacheDisable
                0x1e003c3c                L1DCacheEnable
                0x1e003c60                L1ICacheDisable
                0x1e003c7c                L1ICacheEnable
                0x1e003c98                BML2CacheFlush
                0x1e003cbc                LockL2Ways
 .text          0x1e003d58       0x8c AMP_BM_REF_DESIGN/qspi.o
                0x1e003d58                bm_qspi_load_rbf
 .text          0x1e003de4       0x14 AMP_BM_REF_DESIGN/boot_mode.o
                0x1e003de4                bm_get_boot_mode
 .text          0x1e003df8       0xcc AMP_BM_REF_DESIGN/sd_load.o
                0x1e003df8                bm_sd_load_rbf
 .text          0x1e003ec4      0x1b4 c:/program files (x86)/codesourcery/sourcery_codebench_lite_for_arm_eabi/bin/../lib/gcc/arm-none-eabi/4.6.3/../../../../arm-none-eabi/lib\libc.a(lib_a-memcpy.o)
                0x1e003ec4                memcpy
 .text          0x1e004078      0x10c c:/program files (x86)/codesourcery/sourcery_codebench_lite_for_arm_eabi/bin/../lib/gcc/arm-none-eabi/4.6.3/../../../../arm-none-eabi/lib\libc.a(lib_a-memset.o)
                0x1e004078                memset
 .text          0x1e004184       0xdc c:/program files (x86)/codesourcery/sourcery_codebench_lite_for_arm_eabi/bin/../lib/gcc/arm-none-eabi/4.6.3/../../../../arm-none-eabi/lib\libc.a(lib_a-sprintf.o)
                0x1e004184                _sprintf_r
                0x1e0041ec                sprintf
 .text          0x1e004260     0x1f6c c:/program files (x86)/codesourcery/sourcery_codebench_lite_for_arm_eabi/bin/../lib/gcc/arm-none-eabi/4.6.3/../../../../arm-none-eabi/lib\libc.a(lib_a-svfprintf.o)
                0x1e004260                _svfprintf_r
 .text          0x1e0061cc       0xc8 c:/program files (x86)/codesourcery/sourcery_codebench_lite_for_arm_eabi/bin/../lib/gcc/arm-none-eabi/4.6.3/../../../../arm-none-eabi/lib\libc.a(lib_a-vsnprintf.o)
                0x1e0061cc                _vsnprintf_r
                0x1e006250                vsnprintf
 *fill*         0x1e006294        0x4 00
 .text          0x1e006298     0x1860 c:/program files (x86)/codesourcery/sourcery_codebench_lite_for_arm_eabi/bin/../lib/gcc/arm-none-eabi/4.6.3/../../../../arm-none-eabi/lib\libc.a(lib_a-dtoa.o)
                0x1e006490                _dtoa_r
 .text          0x1e007af8        0x0 c:/program files (x86)/codesourcery/sourcery_codebench_lite_for_arm_eabi/bin/../lib/gcc/arm-none-eabi/4.6.3/../../../../arm-none-eabi/lib\libc.a(lib_a-impure.o)
 .text          0x1e007af8       0xd0 c:/program files (x86)/codesourcery/sourcery_codebench_lite_for_arm_eabi/bin/../lib/gcc/arm-none-eabi/4.6.3/../../../../arm-none-eabi/lib\libc.a(lib_a-locale.o)
                0x1e007af8                _setlocale_r
                0x1e007b64                __locale_charset
                0x1e007b70                __locale_mb_cur_max
                0x1e007b80                __locale_msgcharset
                0x1e007b8c                __locale_cjk_lang
                0x1e007b94                _localeconv_r
                0x1e007ba0                setlocale
                0x1e007bbc                localeconv
 .text          0x1e007bc8      0x714 c:/program files (x86)/codesourcery/sourcery_codebench_lite_for_arm_eabi/bin/../lib/gcc/arm-none-eabi/4.6.3/../../../../arm-none-eabi/lib\libc.a(lib_a-mallocr.o)
                0x1e007bc8                _malloc_r
 .text          0x1e0082dc       0xf8 c:/program files (x86)/codesourcery/sourcery_codebench_lite_for_arm_eabi/bin/../lib/gcc/arm-none-eabi/4.6.3/../../../../arm-none-eabi/lib\libc.a(lib_a-memchr.o)
                0x1e0082dc                memchr
 .text          0x1e0083d4        0x8 c:/program files (x86)/codesourcery/sourcery_codebench_lite_for_arm_eabi/bin/../lib/gcc/arm-none-eabi/4.6.3/../../../../arm-none-eabi/lib\libc.a(lib_a-mlock.o)
                0x1e0083d4                __malloc_lock
                0x1e0083d8                __malloc_unlock
 .text          0x1e0083dc      0xd14 c:/program files (x86)/codesourcery/sourcery_codebench_lite_for_arm_eabi/bin/../lib/gcc/arm-none-eabi/4.6.3/../../../../arm-none-eabi/lib\libc.a(lib_a-mprec.o)
                0x1e0083dc                _Balloc
                0x1e008460                _Bfree
                0x1e00847c                __multadd
                0x1e008558                __s2b
                0x1e008640                __hi0bits
                0x1e008690                __lo0bits
                0x1e008720                __i2b
                0x1e008744                __multiply
                0x1e00893c                __pow5mult
                0x1e008a30                __lshift
                0x1e008b2c                __mcmp
                0x1e008b90                __mdiff
                0x1e008ce0                __ulp
                0x1e008d3c                __b2d
                0x1e008e00                __d2b
                0x1e008f10                __ratio
                0x1e008f94                _mprec_log10
                0x1e008fe8                __copybits
                0x1e00905c                __any_on
 .text          0x1e0090f0       0x84 c:/program files (x86)/codesourcery/sourcery_codebench_lite_for_arm_eabi/bin/../lib/gcc/arm-none-eabi/4.6.3/../../../../arm-none-eabi/lib\libc.a(lib_a-s_fpclassify.o)
                0x1e0090f0                __fpclassifyd
 .text          0x1e009174       0x40 c:/program files (x86)/codesourcery/sourcery_codebench_lite_for_arm_eabi/bin/../lib/gcc/arm-none-eabi/4.6.3/../../../../arm-none-eabi/lib\libc.a(lib_a-sbrkr.o)
                0x1e009174                _sbrk_r
 .text          0x1e0091b4      0x230 c:/program files (x86)/codesourcery/sourcery_codebench_lite_for_arm_eabi/bin/../lib/gcc/arm-none-eabi/4.6.3/../../../../arm-none-eabi/lib\libc.a(lib_a-strcmp.o)
                0x1e0091b4                strcmp
 .text          0x1e0093e4       0x60 c:/program files (x86)/codesourcery/sourcery_codebench_lite_for_arm_eabi/bin/../lib/gcc/arm-none-eabi/4.6.3/../../../../arm-none-eabi/lib\libc.a(lib_a-strlen.o)
                0x1e0093e4                strlen
 .text          0x1e009444     0x11ec c:/program files (x86)/codesourcery/sourcery_codebench_lite_for_arm_eabi/bin/../lib/gcc/arm-none-eabi/4.6.3/../../../../arm-none-eabi/lib\libc.a(lib_a-svfiprintf.o)
                0x1e009444                __ssprint_r
                0x1e0095d4                _svfiprintf_r
 .text          0x1e00a630       0x90 c:/program files (x86)/codesourcery/sourcery_codebench_lite_for_arm_eabi/bin/../lib/gcc/arm-none-eabi/4.6.3/../../../../arm-none-eabi/lib\libc.a(lib_a-callocr.o)
                0x1e00a630                _calloc_r
 .text          0x1e00a6c0      0x360 c:/program files (x86)/codesourcery/sourcery_codebench_lite_for_arm_eabi/bin/../lib/gcc/arm-none-eabi/4.6.3/../../../../arm-none-eabi/lib\libc.a(lib_a-freer.o)
                0x1e00a6c0                _malloc_trim_r
                0x1e00a7bc                _free_r
 .text          0x1e00aa20      0x130 c:/program files (x86)/codesourcery/sourcery_codebench_lite_for_arm_eabi/bin/../lib/gcc/arm-none-eabi/4.6.3/../../../../arm-none-eabi/lib\libc.a(lib_a-memmove.o)
                0x1e00aa20                memmove
 .text          0x1e00ab50      0x55c c:/program files (x86)/codesourcery/sourcery_codebench_lite_for_arm_eabi/bin/../lib/gcc/arm-none-eabi/4.6.3/../../../../arm-none-eabi/lib\libc.a(lib_a-reallocr.o)
                0x1e00ab50                _realloc_r
 .text          0x1e00b0ac      0x1a8 c:/program files (x86)/codesourcery/sourcery_codebench_lite_for_arm_eabi/bin/../lib/gcc/arm-none-eabi/4.6.3/../../../../arm-none-eabi/lib\libc.a(lib_a-reent.o)
                0x1e00b0ac                cleanup_glue
                0x1e00b0d8                _reclaim_reent
                0x1e00b1e0                _wrapup_reent
 .text          0x1e00b254      0x114 C:/Program Files (x86)/CodeSourcery/Sourcery_CodeBench_Lite_for_ARM_EABI/lib/gcc/arm-none-eabi/4.6.3\libgcc.a(_udivsi3.o)
                0x1e00b254                __aeabi_uidiv
                0x1e00b254                __udivsi3
                0x1e00b348                __aeabi_uidivmod
 .text          0x1e00b368        0x4 C:/Program Files (x86)/CodeSourcery/Sourcery_CodeBench_Lite_for_ARM_EABI/lib/gcc/arm-none-eabi/4.6.3\libgcc.a(_dvmd_tls.o)
                0x1e00b368                __aeabi_idiv0
                0x1e00b368                __aeabi_ldiv0
 .text          0x1e00b36c      0x41c C:/Program Files (x86)/CodeSourcery/Sourcery_CodeBench_Lite_for_ARM_EABI/lib/gcc/arm-none-eabi/4.6.3\libgcc.a(_arm_addsubdf3.o)
                0x1e00b36c                __aeabi_drsub
                0x1e00b374                __aeabi_dsub
                0x1e00b374                __subdf3
                0x1e00b378                __aeabi_dadd
                0x1e00b378                __adddf3
                0x1e00b688                __floatunsidf
                0x1e00b688                __aeabi_ui2d
                0x1e00b6ac                __floatsidf
                0x1e00b6ac                __aeabi_i2d
                0x1e00b6d4                __aeabi_f2d
                0x1e00b6d4                __extendsfdf2
                0x1e00b714                __floatundidf
                0x1e00b714                __aeabi_ul2d
                0x1e00b728                __floatdidf
                0x1e00b728                __aeabi_l2d
 .text          0x1e00b788      0x49c C:/Program Files (x86)/CodeSourcery/Sourcery_CodeBench_Lite_for_ARM_EABI/lib/gcc/arm-none-eabi/4.6.3\libgcc.a(_arm_muldivdf3.o)
                0x1e00b788                __aeabi_dmul
                0x1e00b788                __muldf3
                0x1e00ba18                __divdf3
                0x1e00ba18                __aeabi_ddiv
 .text          0x1e00bc24      0x144 C:/Program Files (x86)/CodeSourcery/Sourcery_CodeBench_Lite_for_ARM_EABI/lib/gcc/arm-none-eabi/4.6.3\libgcc.a(_arm_cmpdf2.o)
                0x1e00bc24                __gtdf2
                0x1e00bc24                __gedf2
                0x1e00bc2c                __ltdf2
                0x1e00bc2c                __ledf2
                0x1e00bc34                __nedf2
                0x1e00bc34                __eqdf2
                0x1e00bc34                __cmpdf2
                0x1e00bcbc                __aeabi_cdrcmple
                0x1e00bcd8                __aeabi_cdcmpeq
                0x1e00bcd8                __aeabi_cdcmple
                0x1e00bcf0                __aeabi_dcmpeq
                0x1e00bd08                __aeabi_dcmplt
                0x1e00bd20                __aeabi_dcmple
                0x1e00bd38                __aeabi_dcmpge
                0x1e00bd50                __aeabi_dcmpgt
 .text          0x1e00bd68       0x5c C:/Program Files (x86)/CodeSourcery/Sourcery_CodeBench_Lite_for_ARM_EABI/lib/gcc/arm-none-eabi/4.6.3\libgcc.a(_arm_fixdfsi.o)
                0x1e00bd68                __aeabi_d2iz
                0x1e00bd68                __fixdfsi
 .text          0x1e00bdc4       0x3c C:/Program Files (x86)/CodeSourcery/Sourcery_CodeBench_Lite_for_ARM_EABI/lib/gcc/arm-none-eabi/4.6.3\libgcc.a(_aeabi_uldivmod.o)
                0x1e00bdc4                __aeabi_uldivmod
 .text          0x1e00be00       0x84 C:/Program Files (x86)/CodeSourcery/Sourcery_CodeBench_Lite_for_ARM_EABI/lib/gcc/arm-none-eabi/4.6.3\libgcc.a(bpabi.o)
                0x1e00be00                __gnu_ldivmod_helper
                0x1e00be44                __gnu_uldivmod_helper
 .text          0x1e00be84      0x4dc C:/Program Files (x86)/CodeSourcery/Sourcery_CodeBench_Lite_for_ARM_EABI/lib/gcc/arm-none-eabi/4.6.3\libgcc.a(_divdi3.o)
                0x1e00be84                __divdi3
 .text          0x1e00c360      0x488 C:/Program Files (x86)/CodeSourcery/Sourcery_CodeBench_Lite_for_ARM_EABI/lib/gcc/arm-none-eabi/4.6.3\libgcc.a(_udivdi3.o)
                0x1e00c360                __udivdi3
 .text          0x1e00c7e8       0x48 C:/Program Files (x86)/CodeSourcery/Sourcery_CodeBench_Lite_for_ARM_EABI/lib/gcc/arm-none-eabi/4.6.3\libgcc.a(_clzsi2.o)
                0x1e00c7e8                __clzsi2

.glue_7         0x1e00c830        0x0
 .glue_7        0x00000000        0x0 linker stubs

.glue_7t        0x1e00c830        0x0
 .glue_7t       0x00000000        0x0 linker stubs

.vfp11_veneer   0x1e00c830        0x0
 .vfp11_veneer  0x00000000        0x0 linker stubs

.v4_bx          0x1e00c830        0x0
 .v4_bx         0x00000000        0x0 linker stubs

.iplt           0x1e00c830        0x0
 .iplt          0x00000000        0x0 AMP_BM_REF_DESIGN/start.o

.text.startup   0x1e00c830      0xeb8
 .text.startup  0x1e00c830      0xeb8 AMP_BM_REF_DESIGN/main.o
                0x1e00c830                main

.rodata         0x1e00d6e8      0x170
 *(.rodata)
 .rodata        0x1e00d6e8        0x4 AMP_BM_REF_DESIGN/iic_bitbang.o
 .rodata        0x1e00d6ec       0x20 c:/program files (x86)/codesourcery/sourcery_codebench_lite_for_arm_eabi/bin/../lib/gcc/arm-none-eabi/4.6.3/../../../../arm-none-eabi/lib\libc.a(lib_a-svfprintf.o)
 .rodata        0x1e00d70c        0x4 c:/program files (x86)/codesourcery/sourcery_codebench_lite_for_arm_eabi/bin/../lib/gcc/arm-none-eabi/4.6.3/../../../../arm-none-eabi/lib\libc.a(lib_a-impure.o)
                0x1e00d70c                _global_impure_ptr
 .rodata        0x1e00d710      0x128 c:/program files (x86)/codesourcery/sourcery_codebench_lite_for_arm_eabi/bin/../lib/gcc/arm-none-eabi/4.6.3/../../../../arm-none-eabi/lib\libc.a(lib_a-mprec.o)
                0x1e00d720                __mprec_tens
                0x1e00d7e8                __mprec_tinytens
                0x1e00d810                __mprec_bigtens
 .rodata        0x1e00d838       0x20 c:/program files (x86)/codesourcery/sourcery_codebench_lite_for_arm_eabi/bin/../lib/gcc/arm-none-eabi/4.6.3/../../../../arm-none-eabi/lib\libc.a(lib_a-svfiprintf.o)

.rodata.str1.4  0x1e00d858      0xb3c
 .rodata.str1.4
                0x1e00d858      0x9a2 AMP_BM_REF_DESIGN/main.o
                                0x9c4 (size before relaxing)
 *fill*         0x1e00e1fa        0x2 00
 .rodata.str1.4
                0x1e00e1fc       0xb3 AMP_BM_REF_DESIGN/dma.o
                                 0xb4 (size before relaxing)
 *fill*         0x1e00e2af        0x1 00
 .rodata.str1.4
                0x1e00e2b0       0x2a AMP_BM_REF_DESIGN/cache.o
                                 0x2c (size before relaxing)
 *fill*         0x1e00e2da        0x2 00
 .rodata.str1.4
                0x1e00e2dc       0x1c AMP_BM_REF_DESIGN/qspi.o
 .rodata.str1.4
                0x1e00e2f8       0x38 AMP_BM_REF_DESIGN/sd_load.o
 .rodata.str1.4
                0x1e00e330       0x42 c:/program files (x86)/codesourcery/sourcery_codebench_lite_for_arm_eabi/bin/../lib/gcc/arm-none-eabi/4.6.3/../../../../arm-none-eabi/lib\libc.a(lib_a-svfprintf.o)
                                 0x44 (size before relaxing)
 *fill*         0x1e00e372        0x2 00
 .rodata.str1.4
                0x1e00e374       0x10 c:/program files (x86)/codesourcery/sourcery_codebench_lite_for_arm_eabi/bin/../lib/gcc/arm-none-eabi/4.6.3/../../../../arm-none-eabi/lib\libc.a(lib_a-dtoa.o)
                                 0x14 (size before relaxing)
 .rodata.str1.4
                0x1e00e384        0x2 c:/program files (x86)/codesourcery/sourcery_codebench_lite_for_arm_eabi/bin/../lib/gcc/arm-none-eabi/4.6.3/../../../../arm-none-eabi/lib\libc.a(lib_a-impure.o)
                                  0x4 (size before relaxing)
 *fill*         0x1e00e386        0x2 00
 .rodata.str1.4
                0x1e00e388        0xc c:/program files (x86)/codesourcery/sourcery_codebench_lite_for_arm_eabi/bin/../lib/gcc/arm-none-eabi/4.6.3/../../../../arm-none-eabi/lib\libc.a(lib_a-locale.o)
                                 0x14 (size before relaxing)
 .rodata.str1.4
                0x00000000       0x30 c:/program files (x86)/codesourcery/sourcery_codebench_lite_for_arm_eabi/bin/../lib/gcc/arm-none-eabi/4.6.3/../../../../arm-none-eabi/lib\libc.a(lib_a-svfiprintf.o)

.ARM.extab      0x1e00e394        0x0
 .ARM.extab     0x1e00e394        0x0 C:/Program Files (x86)/CodeSourcery/Sourcery_CodeBench_Lite_for_ARM_EABI/lib/gcc/arm-none-eabi/4.6.3\libgcc.a(_divdi3.o)
 .ARM.extab     0x1e00e394        0x0 C:/Program Files (x86)/CodeSourcery/Sourcery_CodeBench_Lite_for_ARM_EABI/lib/gcc/arm-none-eabi/4.6.3\libgcc.a(_udivdi3.o)

.ARM.exidx      0x1e00e394        0x8
 .ARM.exidx     0x1e00e394        0x8 C:/Program Files (x86)/CodeSourcery/Sourcery_CodeBench_Lite_for_ARM_EABI/lib/gcc/arm-none-eabi/4.6.3\libgcc.a(_divdi3.o)
 .ARM.exidx     0x1e00e39c        0x0 C:/Program Files (x86)/CodeSourcery/Sourcery_CodeBench_Lite_for_ARM_EABI/lib/gcc/arm-none-eabi/4.6.3\libgcc.a(_udivdi3.o)
                                  0x8 (size before relaxing)

.rel.dyn        0x1e00e39c        0x0
 .rel.iplt      0x00000000        0x0 AMP_BM_REF_DESIGN/start.o

.data           0x1e00e3a0     0x6ccc
 *(.data)
 .data          0x1e00e3a0     0x6400 AMP_BM_REF_DESIGN/start.o
                0x1e0137a0                usr_stack_end
 .data          0x1e0147a0       0x10 AMP_BM_REF_DESIGN/main.o
                0x1e0147a0                asp
                0x1e0147a4                testIL
                0x1e0147a8                p_pvt
                0x1e0147ac                p_fpga_dt
 .data          0x1e0147b0        0x0 AMP_BM_REF_DESIGN/exception.o
 .data          0x1e0147b0        0x0 AMP_BM_REF_DESIGN/gic.o
 .data          0x1e0147b0        0x0 AMP_BM_REF_DESIGN/mmu.o
 .data          0x1e0147b0        0x0 AMP_BM_REF_DESIGN/memset_int.o
 .data          0x1e0147b0        0x0 AMP_BM_REF_DESIGN/iic_bitbang.o
 .data          0x1e0147b0        0x0 AMP_BM_REF_DESIGN/dma.o
 .data          0x1e0147b0        0x0 AMP_BM_REF_DESIGN/dma_internal.o
 .data          0x1e0147b0        0x0 AMP_BM_REF_DESIGN/reset_manager.o
 .data          0x1e0147b0        0x0 AMP_BM_REF_DESIGN/fpga_manager.o
 .data          0x1e0147b0        0x0 AMP_BM_REF_DESIGN/bmlog.o
 .data          0x1e0147b0        0x0 AMP_BM_REF_DESIGN/twd.o
 .data          0x1e0147b0        0x0 AMP_BM_REF_DESIGN/l2lock.o
 .data          0x1e0147b0        0x0 AMP_BM_REF_DESIGN/cache.o
 .data          0x1e0147b0        0x0 AMP_BM_REF_DESIGN/qspi.o
 .data          0x1e0147b0        0x0 AMP_BM_REF_DESIGN/boot_mode.o
 .data          0x1e0147b0        0x0 AMP_BM_REF_DESIGN/sd_load.o
 .data          0x1e0147b0        0x0 c:/program files (x86)/codesourcery/sourcery_codebench_lite_for_arm_eabi/bin/../lib/gcc/arm-none-eabi/4.6.3/../../../../arm-none-eabi/lib\libc.a(lib_a-memcpy.o)
 .data          0x1e0147b0        0x0 c:/program files (x86)/codesourcery/sourcery_codebench_lite_for_arm_eabi/bin/../lib/gcc/arm-none-eabi/4.6.3/../../../../arm-none-eabi/lib\libc.a(lib_a-memset.o)
 .data          0x1e0147b0        0x0 c:/program files (x86)/codesourcery/sourcery_codebench_lite_for_arm_eabi/bin/../lib/gcc/arm-none-eabi/4.6.3/../../../../arm-none-eabi/lib\libc.a(lib_a-sprintf.o)
 .data          0x1e0147b0        0x0 c:/program files (x86)/codesourcery/sourcery_codebench_lite_for_arm_eabi/bin/../lib/gcc/arm-none-eabi/4.6.3/../../../../arm-none-eabi/lib\libc.a(lib_a-svfprintf.o)
 .data          0x1e0147b0        0x0 c:/program files (x86)/codesourcery/sourcery_codebench_lite_for_arm_eabi/bin/../lib/gcc/arm-none-eabi/4.6.3/../../../../arm-none-eabi/lib\libc.a(lib_a-vsnprintf.o)
 .data          0x1e0147b0        0x0 c:/program files (x86)/codesourcery/sourcery_codebench_lite_for_arm_eabi/bin/../lib/gcc/arm-none-eabi/4.6.3/../../../../arm-none-eabi/lib\libc.a(lib_a-dtoa.o)
 .data          0x1e0147b0      0x430 c:/program files (x86)/codesourcery/sourcery_codebench_lite_for_arm_eabi/bin/../lib/gcc/arm-none-eabi/4.6.3/../../../../arm-none-eabi/lib\libc.a(lib_a-impure.o)
                0x1e0147b0                _impure_ptr
 .data          0x1e014be0       0x7c c:/program files (x86)/codesourcery/sourcery_codebench_lite_for_arm_eabi/bin/../lib/gcc/arm-none-eabi/4.6.3/../../../../arm-none-eabi/lib\libc.a(lib_a-locale.o)
                0x1e014c00                __mb_cur_max
 .data          0x1e014c5c      0x410 c:/program files (x86)/codesourcery/sourcery_codebench_lite_for_arm_eabi/bin/../lib/gcc/arm-none-eabi/4.6.3/../../../../arm-none-eabi/lib\libc.a(lib_a-mallocr.o)
                0x1e014c5c                __malloc_av_
                0x1e015064                __malloc_sbrk_base
                0x1e015068                __malloc_trim_threshold
 .data          0x1e01506c        0x0 c:/program files (x86)/codesourcery/sourcery_codebench_lite_for_arm_eabi/bin/../lib/gcc/arm-none-eabi/4.6.3/../../../../arm-none-eabi/lib\libc.a(lib_a-memchr.o)
 .data          0x1e01506c        0x0 c:/program files (x86)/codesourcery/sourcery_codebench_lite_for_arm_eabi/bin/../lib/gcc/arm-none-eabi/4.6.3/../../../../arm-none-eabi/lib\libc.a(lib_a-mlock.o)
 .data          0x1e01506c        0x0 c:/program files (x86)/codesourcery/sourcery_codebench_lite_for_arm_eabi/bin/../lib/gcc/arm-none-eabi/4.6.3/../../../../arm-none-eabi/lib\libc.a(lib_a-mprec.o)
 .data          0x1e01506c        0x0 c:/program files (x86)/codesourcery/sourcery_codebench_lite_for_arm_eabi/bin/../lib/gcc/arm-none-eabi/4.6.3/../../../../arm-none-eabi/lib\libc.a(lib_a-s_fpclassify.o)
 .data          0x1e01506c        0x0 c:/program files (x86)/codesourcery/sourcery_codebench_lite_for_arm_eabi/bin/../lib/gcc/arm-none-eabi/4.6.3/../../../../arm-none-eabi/lib\libc.a(lib_a-sbrkr.o)
 .data          0x1e01506c        0x0 c:/program files (x86)/codesourcery/sourcery_codebench_lite_for_arm_eabi/bin/../lib/gcc/arm-none-eabi/4.6.3/../../../../arm-none-eabi/lib\libc.a(lib_a-strcmp.o)
 .data          0x1e01506c        0x0 c:/program files (x86)/codesourcery/sourcery_codebench_lite_for_arm_eabi/bin/../lib/gcc/arm-none-eabi/4.6.3/../../../../arm-none-eabi/lib\libc.a(lib_a-strlen.o)
 .data          0x1e01506c        0x0 c:/program files (x86)/codesourcery/sourcery_codebench_lite_for_arm_eabi/bin/../lib/gcc/arm-none-eabi/4.6.3/../../../../arm-none-eabi/lib\libc.a(lib_a-svfiprintf.o)
 .data          0x1e01506c        0x0 c:/program files (x86)/codesourcery/sourcery_codebench_lite_for_arm_eabi/bin/../lib/gcc/arm-none-eabi/4.6.3/../../../../arm-none-eabi/lib\libc.a(lib_a-callocr.o)
 .data          0x1e01506c        0x0 c:/program files (x86)/codesourcery/sourcery_codebench_lite_for_arm_eabi/bin/../lib/gcc/arm-none-eabi/4.6.3/../../../../arm-none-eabi/lib\libc.a(lib_a-freer.o)
 .data          0x1e01506c        0x0 c:/program files (x86)/codesourcery/sourcery_codebench_lite_for_arm_eabi/bin/../lib/gcc/arm-none-eabi/4.6.3/../../../../arm-none-eabi/lib\libc.a(lib_a-memmove.o)
 .data          0x1e01506c        0x0 c:/program files (x86)/codesourcery/sourcery_codebench_lite_for_arm_eabi/bin/../lib/gcc/arm-none-eabi/4.6.3/../../../../arm-none-eabi/lib\libc.a(lib_a-reallocr.o)
 .data          0x1e01506c        0x0 c:/program files (x86)/codesourcery/sourcery_codebench_lite_for_arm_eabi/bin/../lib/gcc/arm-none-eabi/4.6.3/../../../../arm-none-eabi/lib\libc.a(lib_a-reent.o)
 .data          0x1e01506c        0x0 C:/Program Files (x86)/CodeSourcery/Sourcery_CodeBench_Lite_for_ARM_EABI/lib/gcc/arm-none-eabi/4.6.3\libgcc.a(_udivsi3.o)
 .data          0x1e01506c        0x0 C:/Program Files (x86)/CodeSourcery/Sourcery_CodeBench_Lite_for_ARM_EABI/lib/gcc/arm-none-eabi/4.6.3\libgcc.a(_dvmd_tls.o)
 .data          0x1e01506c        0x0 C:/Program Files (x86)/CodeSourcery/Sourcery_CodeBench_Lite_for_ARM_EABI/lib/gcc/arm-none-eabi/4.6.3\libgcc.a(_arm_addsubdf3.o)
 .data          0x1e01506c        0x0 C:/Program Files (x86)/CodeSourcery/Sourcery_CodeBench_Lite_for_ARM_EABI/lib/gcc/arm-none-eabi/4.6.3\libgcc.a(_arm_muldivdf3.o)
 .data          0x1e01506c        0x0 C:/Program Files (x86)/CodeSourcery/Sourcery_CodeBench_Lite_for_ARM_EABI/lib/gcc/arm-none-eabi/4.6.3\libgcc.a(_arm_cmpdf2.o)
 .data          0x1e01506c        0x0 C:/Program Files (x86)/CodeSourcery/Sourcery_CodeBench_Lite_for_ARM_EABI/lib/gcc/arm-none-eabi/4.6.3\libgcc.a(_arm_fixdfsi.o)
 .data          0x1e01506c        0x0 C:/Program Files (x86)/CodeSourcery/Sourcery_CodeBench_Lite_for_ARM_EABI/lib/gcc/arm-none-eabi/4.6.3\libgcc.a(_aeabi_uldivmod.o)
 .data          0x1e01506c        0x0 C:/Program Files (x86)/CodeSourcery/Sourcery_CodeBench_Lite_for_ARM_EABI/lib/gcc/arm-none-eabi/4.6.3\libgcc.a(bpabi.o)
 .data          0x1e01506c        0x0 C:/Program Files (x86)/CodeSourcery/Sourcery_CodeBench_Lite_for_ARM_EABI/lib/gcc/arm-none-eabi/4.6.3\libgcc.a(_divdi3.o)
 .data          0x1e01506c        0x0 C:/Program Files (x86)/CodeSourcery/Sourcery_CodeBench_Lite_for_ARM_EABI/lib/gcc/arm-none-eabi/4.6.3\libgcc.a(_udivdi3.o)
 .data          0x1e01506c        0x0 C:/Program Files (x86)/CodeSourcery/Sourcery_CodeBench_Lite_for_ARM_EABI/lib/gcc/arm-none-eabi/4.6.3\libgcc.a(_clzsi2.o)

.igot.plt       0x1e01506c        0x0
 .igot.plt      0x00000000        0x0 AMP_BM_REF_DESIGN/start.o

PGTL            0x1e018000     0x4000
                0x1e018000                . = ALIGN (0x4000)
                0x1e018000                PROVIDE (__start_PGTL, ABSOLUTE (.))
 PGTL           0x1e018000     0x4000 AMP_BM_REF_DESIGN/mmu.o
                0x1e018000                PageTable
                0x1e01c000                PROVIDE (__stop_PGTL, .)

.bss            0x1e01c000     0x2104
                0x1e01c000                bss_start = .
 *(.bss)
 .bss           0x1e01c000        0x0 AMP_BM_REF_DESIGN/start.o
 .bss           0x1e01c000       0x30 AMP_BM_REF_DESIGN/main.o
                0x1e01c000                sgi15task_pending
                0x1e01c004                gDMAtestDone
                0x1e01c008                gCacheCoherence
                0x1e01c00c                l2lock
                0x1e01c010                _raw_spinlock
                0x1e01c014                _raw_spinunlock
                0x1e01c018                down_trylock
                0x1e01c01c                gINTtestDone
                0x1e01c020                gFPGA_IRQ_req
                0x1e01c024                gARM_IRQ_ack
                0x1e01c028                printk
                0x1e01c02c                gDMAtestACPDone
 .bss           0x1e01c030        0x0 AMP_BM_REF_DESIGN/exception.o
 .bss           0x1e01c030     0x1fe4 AMP_BM_REF_DESIGN/gic.o
 .bss           0x1e01e014        0x0 AMP_BM_REF_DESIGN/mmu.o
 .bss           0x1e01e014        0x0 AMP_BM_REF_DESIGN/memset_int.o
 .bss           0x1e01e014        0x0 AMP_BM_REF_DESIGN/iic_bitbang.o
 .bss           0x1e01e014        0x8 AMP_BM_REF_DESIGN/dma.o
 .bss           0x1e01e01c        0x0 AMP_BM_REF_DESIGN/dma_internal.o
 .bss           0x1e01e01c        0x0 AMP_BM_REF_DESIGN/reset_manager.o
 .bss           0x1e01e01c        0x0 AMP_BM_REF_DESIGN/fpga_manager.o
 .bss           0x1e01e01c       0x84 AMP_BM_REF_DESIGN/bmlog.o
 .bss           0x1e01e0a0        0x0 AMP_BM_REF_DESIGN/twd.o
 .bss           0x1e01e0a0        0x0 AMP_BM_REF_DESIGN/l2lock.o
 .bss           0x1e01e0a0        0x0 AMP_BM_REF_DESIGN/cache.o
 .bss           0x1e01e0a0        0x0 AMP_BM_REF_DESIGN/qspi.o
 .bss           0x1e01e0a0        0x0 AMP_BM_REF_DESIGN/boot_mode.o
 .bss           0x1e01e0a0        0x0 AMP_BM_REF_DESIGN/sd_load.o
 .bss           0x1e01e0a0        0x0 c:/program files (x86)/codesourcery/sourcery_codebench_lite_for_arm_eabi/bin/../lib/gcc/arm-none-eabi/4.6.3/../../../../arm-none-eabi/lib\libc.a(lib_a-memcpy.o)
 .bss           0x1e01e0a0        0x0 c:/program files (x86)/codesourcery/sourcery_codebench_lite_for_arm_eabi/bin/../lib/gcc/arm-none-eabi/4.6.3/../../../../arm-none-eabi/lib\libc.a(lib_a-memset.o)
 .bss           0x1e01e0a0        0x0 c:/program files (x86)/codesourcery/sourcery_codebench_lite_for_arm_eabi/bin/../lib/gcc/arm-none-eabi/4.6.3/../../../../arm-none-eabi/lib\libc.a(lib_a-sprintf.o)
 .bss           0x1e01e0a0        0x0 c:/program files (x86)/codesourcery/sourcery_codebench_lite_for_arm_eabi/bin/../lib/gcc/arm-none-eabi/4.6.3/../../../../arm-none-eabi/lib\libc.a(lib_a-svfprintf.o)
 .bss           0x1e01e0a0        0x0 c:/program files (x86)/codesourcery/sourcery_codebench_lite_for_arm_eabi/bin/../lib/gcc/arm-none-eabi/4.6.3/../../../../arm-none-eabi/lib\libc.a(lib_a-vsnprintf.o)
 .bss           0x1e01e0a0        0x0 c:/program files (x86)/codesourcery/sourcery_codebench_lite_for_arm_eabi/bin/../lib/gcc/arm-none-eabi/4.6.3/../../../../arm-none-eabi/lib\libc.a(lib_a-dtoa.o)
 .bss           0x1e01e0a0        0x0 c:/program files (x86)/codesourcery/sourcery_codebench_lite_for_arm_eabi/bin/../lib/gcc/arm-none-eabi/4.6.3/../../../../arm-none-eabi/lib\libc.a(lib_a-impure.o)
 .bss           0x1e01e0a0        0xc c:/program files (x86)/codesourcery/sourcery_codebench_lite_for_arm_eabi/bin/../lib/gcc/arm-none-eabi/4.6.3/../../../../arm-none-eabi/lib\libc.a(lib_a-locale.o)
                0x1e01e0a0                _PathLocale
                0x1e01e0a4                __mlocale_changed
                0x1e01e0a8                __nlocale_changed
 .bss           0x1e01e0ac       0x34 c:/program files (x86)/codesourcery/sourcery_codebench_lite_for_arm_eabi/bin/../lib/gcc/arm-none-eabi/4.6.3/../../../../arm-none-eabi/lib\libc.a(lib_a-mallocr.o)
                0x1e01e0ac                __malloc_top_pad
                0x1e01e0b0                __malloc_current_mallinfo
                0x1e01e0d8                __malloc_max_sbrked_mem
                0x1e01e0dc                __malloc_max_total_mem
 .bss           0x1e01e0e0        0x0 c:/program files (x86)/codesourcery/sourcery_codebench_lite_for_arm_eabi/bin/../lib/gcc/arm-none-eabi/4.6.3/../../../../arm-none-eabi/lib\libc.a(lib_a-memchr.o)
 .bss           0x1e01e0e0        0x0 c:/program files (x86)/codesourcery/sourcery_codebench_lite_for_arm_eabi/bin/../lib/gcc/arm-none-eabi/4.6.3/../../../../arm-none-eabi/lib\libc.a(lib_a-mlock.o)
 .bss           0x1e01e0e0        0x0 c:/program files (x86)/codesourcery/sourcery_codebench_lite_for_arm_eabi/bin/../lib/gcc/arm-none-eabi/4.6.3/../../../../arm-none-eabi/lib\libc.a(lib_a-mprec.o)
 .bss           0x1e01e0e0        0x0 c:/program files (x86)/codesourcery/sourcery_codebench_lite_for_arm_eabi/bin/../lib/gcc/arm-none-eabi/4.6.3/../../../../arm-none-eabi/lib\libc.a(lib_a-s_fpclassify.o)
 .bss           0x1e01e0e0        0x0 c:/program files (x86)/codesourcery/sourcery_codebench_lite_for_arm_eabi/bin/../lib/gcc/arm-none-eabi/4.6.3/../../../../arm-none-eabi/lib\libc.a(lib_a-sbrkr.o)
 .bss           0x1e01e0e0        0x0 c:/program files (x86)/codesourcery/sourcery_codebench_lite_for_arm_eabi/bin/../lib/gcc/arm-none-eabi/4.6.3/../../../../arm-none-eabi/lib\libc.a(lib_a-strcmp.o)
 .bss           0x1e01e0e0        0x0 c:/program files (x86)/codesourcery/sourcery_codebench_lite_for_arm_eabi/bin/../lib/gcc/arm-none-eabi/4.6.3/../../../../arm-none-eabi/lib\libc.a(lib_a-strlen.o)
 .bss           0x1e01e0e0        0x0 c:/program files (x86)/codesourcery/sourcery_codebench_lite_for_arm_eabi/bin/../lib/gcc/arm-none-eabi/4.6.3/../../../../arm-none-eabi/lib\libc.a(lib_a-svfiprintf.o)
 .bss           0x1e01e0e0        0x0 c:/program files (x86)/codesourcery/sourcery_codebench_lite_for_arm_eabi/bin/../lib/gcc/arm-none-eabi/4.6.3/../../../../arm-none-eabi/lib\libc.a(lib_a-callocr.o)
 .bss           0x1e01e0e0        0x0 c:/program files (x86)/codesourcery/sourcery_codebench_lite_for_arm_eabi/bin/../lib/gcc/arm-none-eabi/4.6.3/../../../../arm-none-eabi/lib\libc.a(lib_a-freer.o)
 .bss           0x1e01e0e0        0x0 c:/program files (x86)/codesourcery/sourcery_codebench_lite_for_arm_eabi/bin/../lib/gcc/arm-none-eabi/4.6.3/../../../../arm-none-eabi/lib\libc.a(lib_a-memmove.o)
 .bss           0x1e01e0e0        0x0 c:/program files (x86)/codesourcery/sourcery_codebench_lite_for_arm_eabi/bin/../lib/gcc/arm-none-eabi/4.6.3/../../../../arm-none-eabi/lib\libc.a(lib_a-reallocr.o)
 .bss           0x1e01e0e0        0x0 c:/program files (x86)/codesourcery/sourcery_codebench_lite_for_arm_eabi/bin/../lib/gcc/arm-none-eabi/4.6.3/../../../../arm-none-eabi/lib\libc.a(lib_a-reent.o)
 .bss           0x1e01e0e0        0x0 C:/Program Files (x86)/CodeSourcery/Sourcery_CodeBench_Lite_for_ARM_EABI/lib/gcc/arm-none-eabi/4.6.3\libgcc.a(_udivsi3.o)
 .bss           0x1e01e0e0        0x0 C:/Program Files (x86)/CodeSourcery/Sourcery_CodeBench_Lite_for_ARM_EABI/lib/gcc/arm-none-eabi/4.6.3\libgcc.a(_dvmd_tls.o)
 .bss           0x1e01e0e0        0x0 C:/Program Files (x86)/CodeSourcery/Sourcery_CodeBench_Lite_for_ARM_EABI/lib/gcc/arm-none-eabi/4.6.3\libgcc.a(_arm_addsubdf3.o)
 .bss           0x1e01e0e0        0x0 C:/Program Files (x86)/CodeSourcery/Sourcery_CodeBench_Lite_for_ARM_EABI/lib/gcc/arm-none-eabi/4.6.3\libgcc.a(_arm_muldivdf3.o)
 .bss           0x1e01e0e0        0x0 C:/Program Files (x86)/CodeSourcery/Sourcery_CodeBench_Lite_for_ARM_EABI/lib/gcc/arm-none-eabi/4.6.3\libgcc.a(_arm_cmpdf2.o)
 .bss           0x1e01e0e0        0x0 C:/Program Files (x86)/CodeSourcery/Sourcery_CodeBench_Lite_for_ARM_EABI/lib/gcc/arm-none-eabi/4.6.3\libgcc.a(_arm_fixdfsi.o)
 .bss           0x1e01e0e0        0x0 C:/Program Files (x86)/CodeSourcery/Sourcery_CodeBench_Lite_for_ARM_EABI/lib/gcc/arm-none-eabi/4.6.3\libgcc.a(_aeabi_uldivmod.o)
 .bss           0x1e01e0e0        0x0 C:/Program Files (x86)/CodeSourcery/Sourcery_CodeBench_Lite_for_ARM_EABI/lib/gcc/arm-none-eabi/4.6.3\libgcc.a(bpabi.o)
 .bss           0x1e01e0e0        0x0 C:/Program Files (x86)/CodeSourcery/Sourcery_CodeBench_Lite_for_ARM_EABI/lib/gcc/arm-none-eabi/4.6.3\libgcc.a(_divdi3.o)
 .bss           0x1e01e0e0        0x0 C:/Program Files (x86)/CodeSourcery/Sourcery_CodeBench_Lite_for_ARM_EABI/lib/gcc/arm-none-eabi/4.6.3\libgcc.a(_udivdi3.o)
 .bss           0x1e01e0e0        0x0 C:/Program Files (x86)/CodeSourcery/Sourcery_CodeBench_Lite_for_ARM_EABI/lib/gcc/arm-none-eabi/4.6.3\libgcc.a(_clzsi2.o)
                0x1e01e0e0                . = ALIGN (0x4)
                0x1e01e0e0                bss_end = .
 COMMON         0x1e01e0e0        0xc AMP_BM_REF_DESIGN/main.o
                0x1e01e0e0                gDMAtestIrqInfoChan0
 COMMON         0x1e01e0ec        0x8 AMP_BM_REF_DESIGN/qspi.o
                0x1e01e0ec                sf_probe
                0x1e01e0f0                sf_read
 COMMON         0x1e01e0f4        0xc AMP_BM_REF_DESIGN/sd_load.o
                0x1e01e0f4                bm_sd_get_offset
                0x1e01e0f8                bm_sd_probe
                0x1e01e0fc                bm_sd_block_read
 COMMON         0x1e01e100        0x4 c:/program files (x86)/codesourcery/sourcery_codebench_lite_for_arm_eabi/bin/../lib/gcc/arm-none-eabi/4.6.3/../../../../arm-none-eabi/lib\libc.a(lib_a-reent.o)
                0x1e01e100                errno
LOAD AMP_BM_REF_DESIGN/main.o
LOAD AMP_BM_REF_DESIGN/exception.o
LOAD AMP_BM_REF_DESIGN/gic.o
LOAD AMP_BM_REF_DESIGN/mmu.o
LOAD AMP_BM_REF_DESIGN/memset_int.o
LOAD AMP_BM_REF_DESIGN/iic_bitbang.o
LOAD AMP_BM_REF_DESIGN/start.o
LOAD AMP_BM_REF_DESIGN/dma.o
LOAD AMP_BM_REF_DESIGN/dma_internal.o
LOAD AMP_BM_REF_DESIGN/reset_manager.o
LOAD AMP_BM_REF_DESIGN/fpga_manager.o
LOAD AMP_BM_REF_DESIGN/bmlog.o
LOAD AMP_BM_REF_DESIGN/twd.o
LOAD AMP_BM_REF_DESIGN/l2lock.o
LOAD AMP_BM_REF_DESIGN/cache.o
LOAD AMP_BM_REF_DESIGN/qspi.o
LOAD AMP_BM_REF_DESIGN/boot_mode.o
LOAD AMP_BM_REF_DESIGN/sd_load.o
LOAD c:/program files (x86)/codesourcery/sourcery_codebench_lite_for_arm_eabi/bin/../lib/gcc/arm-none-eabi/4.6.3/../../../../arm-none-eabi/lib\libm.a
LOAD c:/program files (x86)/codesourcery/sourcery_codebench_lite_for_arm_eabi/bin/../lib/gcc/arm-none-eabi/4.6.3/../../../../arm-none-eabi/lib\libc.a
LOAD C:/Program Files (x86)/CodeSourcery/Sourcery_CodeBench_Lite_for_ARM_EABI/lib/gcc/arm-none-eabi/4.6.3\libgcc.a
OUTPUT(bm.axf elf32-littlearm)

.ARM.attributes
                0x00000000       0x35
 .ARM.attributes
                0x00000000       0x27 AMP_BM_REF_DESIGN/start.o
 .ARM.attributes
                0x00000027       0x37 AMP_BM_REF_DESIGN/main.o
 .ARM.attributes
                0x0000005e       0x27 AMP_BM_REF_DESIGN/exception.o
 .ARM.attributes
                0x00000085       0x37 AMP_BM_REF_DESIGN/gic.o
 .ARM.attributes
                0x000000bc       0x37 AMP_BM_REF_DESIGN/mmu.o
 .ARM.attributes
                0x000000f3       0x27 AMP_BM_REF_DESIGN/memset_int.o
 .ARM.attributes
                0x0000011a       0x37 AMP_BM_REF_DESIGN/iic_bitbang.o
 .ARM.attributes
                0x00000151       0x37 AMP_BM_REF_DESIGN/dma.o
 .ARM.attributes
                0x00000188       0x37 AMP_BM_REF_DESIGN/dma_internal.o
 .ARM.attributes
                0x000001bf       0x37 AMP_BM_REF_DESIGN/reset_manager.o
 .ARM.attributes
                0x000001f6       0x37 AMP_BM_REF_DESIGN/fpga_manager.o
 .ARM.attributes
                0x0000022d       0x37 AMP_BM_REF_DESIGN/bmlog.o
 .ARM.attributes
                0x00000264       0x37 AMP_BM_REF_DESIGN/twd.o
 .ARM.attributes
                0x0000029b       0x27 AMP_BM_REF_DESIGN/l2lock.o
 .ARM.attributes
                0x000002c2       0x37 AMP_BM_REF_DESIGN/cache.o
 .ARM.attributes
                0x000002f9       0x37 AMP_BM_REF_DESIGN/qspi.o
 .ARM.attributes
                0x00000330       0x37 AMP_BM_REF_DESIGN/boot_mode.o
 .ARM.attributes
                0x00000367       0x37 AMP_BM_REF_DESIGN/sd_load.o
 .ARM.attributes
                0x0000039e       0x32 c:/program files (x86)/codesourcery/sourcery_codebench_lite_for_arm_eabi/bin/../lib/gcc/arm-none-eabi/4.6.3/../../../../arm-none-eabi/lib\libc.a(lib_a-memcpy.o)
 .ARM.attributes
                0x000003d0       0x32 c:/program files (x86)/codesourcery/sourcery_codebench_lite_for_arm_eabi/bin/../lib/gcc/arm-none-eabi/4.6.3/../../../../arm-none-eabi/lib\libc.a(lib_a-memset.o)
 .ARM.attributes
                0x00000402       0x32 c:/program files (x86)/codesourcery/sourcery_codebench_lite_for_arm_eabi/bin/../lib/gcc/arm-none-eabi/4.6.3/../../../../arm-none-eabi/lib\libc.a(lib_a-sprintf.o)
 .ARM.attributes
                0x00000434       0x32 c:/program files (x86)/codesourcery/sourcery_codebench_lite_for_arm_eabi/bin/../lib/gcc/arm-none-eabi/4.6.3/../../../../arm-none-eabi/lib\libc.a(lib_a-svfprintf.o)
 .ARM.attributes
                0x00000466       0x32 c:/program files (x86)/codesourcery/sourcery_codebench_lite_for_arm_eabi/bin/../lib/gcc/arm-none-eabi/4.6.3/../../../../arm-none-eabi/lib\libc.a(lib_a-vsnprintf.o)
 .ARM.attributes
                0x00000498       0x32 c:/program files (x86)/codesourcery/sourcery_codebench_lite_for_arm_eabi/bin/../lib/gcc/arm-none-eabi/4.6.3/../../../../arm-none-eabi/lib\libc.a(lib_a-dtoa.o)
 .ARM.attributes
                0x000004ca       0x32 c:/program files (x86)/codesourcery/sourcery_codebench_lite_for_arm_eabi/bin/../lib/gcc/arm-none-eabi/4.6.3/../../../../arm-none-eabi/lib\libc.a(lib_a-impure.o)
 .ARM.attributes
                0x000004fc       0x32 c:/program files (x86)/codesourcery/sourcery_codebench_lite_for_arm_eabi/bin/../lib/gcc/arm-none-eabi/4.6.3/../../../../arm-none-eabi/lib\libc.a(lib_a-locale.o)
 .ARM.attributes
                0x0000052e       0x32 c:/program files (x86)/codesourcery/sourcery_codebench_lite_for_arm_eabi/bin/../lib/gcc/arm-none-eabi/4.6.3/../../../../arm-none-eabi/lib\libc.a(lib_a-mallocr.o)
 .ARM.attributes
                0x00000560       0x32 c:/program files (x86)/codesourcery/sourcery_codebench_lite_for_arm_eabi/bin/../lib/gcc/arm-none-eabi/4.6.3/../../../../arm-none-eabi/lib\libc.a(lib_a-memchr.o)
 .ARM.attributes
                0x00000592       0x32 c:/program files (x86)/codesourcery/sourcery_codebench_lite_for_arm_eabi/bin/../lib/gcc/arm-none-eabi/4.6.3/../../../../arm-none-eabi/lib\libc.a(lib_a-mlock.o)
 .ARM.attributes
                0x000005c4       0x32 c:/program files (x86)/codesourcery/sourcery_codebench_lite_for_arm_eabi/bin/../lib/gcc/arm-none-eabi/4.6.3/../../../../arm-none-eabi/lib\libc.a(lib_a-mprec.o)
 .ARM.attributes
                0x000005f6       0x32 c:/program files (x86)/codesourcery/sourcery_codebench_lite_for_arm_eabi/bin/../lib/gcc/arm-none-eabi/4.6.3/../../../../arm-none-eabi/lib\libc.a(lib_a-s_fpclassify.o)
 .ARM.attributes
                0x00000628       0x32 c:/program files (x86)/codesourcery/sourcery_codebench_lite_for_arm_eabi/bin/../lib/gcc/arm-none-eabi/4.6.3/../../../../arm-none-eabi/lib\libc.a(lib_a-sbrkr.o)
 .ARM.attributes
                0x0000065a       0x32 c:/program files (x86)/codesourcery/sourcery_codebench_lite_for_arm_eabi/bin/../lib/gcc/arm-none-eabi/4.6.3/../../../../arm-none-eabi/lib\libc.a(lib_a-strcmp.o)
 .ARM.attributes
                0x0000068c       0x32 c:/program files (x86)/codesourcery/sourcery_codebench_lite_for_arm_eabi/bin/../lib/gcc/arm-none-eabi/4.6.3/../../../../arm-none-eabi/lib\libc.a(lib_a-strlen.o)
 .ARM.attributes
                0x000006be       0x32 c:/program files (x86)/codesourcery/sourcery_codebench_lite_for_arm_eabi/bin/../lib/gcc/arm-none-eabi/4.6.3/../../../../arm-none-eabi/lib\libc.a(lib_a-svfiprintf.o)
 .ARM.attributes
                0x000006f0       0x32 c:/program files (x86)/codesourcery/sourcery_codebench_lite_for_arm_eabi/bin/../lib/gcc/arm-none-eabi/4.6.3/../../../../arm-none-eabi/lib\libc.a(lib_a-callocr.o)
 .ARM.attributes
                0x00000722       0x32 c:/program files (x86)/codesourcery/sourcery_codebench_lite_for_arm_eabi/bin/../lib/gcc/arm-none-eabi/4.6.3/../../../../arm-none-eabi/lib\libc.a(lib_a-freer.o)
 .ARM.attributes
                0x00000754       0x32 c:/program files (x86)/codesourcery/sourcery_codebench_lite_for_arm_eabi/bin/../lib/gcc/arm-none-eabi/4.6.3/../../../../arm-none-eabi/lib\libc.a(lib_a-memmove.o)
 .ARM.attributes
                0x00000786       0x32 c:/program files (x86)/codesourcery/sourcery_codebench_lite_for_arm_eabi/bin/../lib/gcc/arm-none-eabi/4.6.3/../../../../arm-none-eabi/lib\libc.a(lib_a-reallocr.o)
 .ARM.attributes
                0x000007b8       0x32 c:/program files (x86)/codesourcery/sourcery_codebench_lite_for_arm_eabi/bin/../lib/gcc/arm-none-eabi/4.6.3/../../../../arm-none-eabi/lib\libc.a(lib_a-reent.o)
 .ARM.attributes
                0x000007ea       0x1a C:/Program Files (x86)/CodeSourcery/Sourcery_CodeBench_Lite_for_ARM_EABI/lib/gcc/arm-none-eabi/4.6.3\libgcc.a(_udivsi3.o)
 .ARM.attributes
                0x00000804       0x18 C:/Program Files (x86)/CodeSourcery/Sourcery_CodeBench_Lite_for_ARM_EABI/lib/gcc/arm-none-eabi/4.6.3\libgcc.a(_dvmd_tls.o)
 .ARM.attributes
                0x0000081c       0x1a C:/Program Files (x86)/CodeSourcery/Sourcery_CodeBench_Lite_for_ARM_EABI/lib/gcc/arm-none-eabi/4.6.3\libgcc.a(_arm_addsubdf3.o)
 .ARM.attributes
                0x00000836       0x1a C:/Program Files (x86)/CodeSourcery/Sourcery_CodeBench_Lite_for_ARM_EABI/lib/gcc/arm-none-eabi/4.6.3\libgcc.a(_arm_muldivdf3.o)
 .ARM.attributes
                0x00000850       0x1a C:/Program Files (x86)/CodeSourcery/Sourcery_CodeBench_Lite_for_ARM_EABI/lib/gcc/arm-none-eabi/4.6.3\libgcc.a(_arm_cmpdf2.o)
 .ARM.attributes
                0x0000086a       0x1a C:/Program Files (x86)/CodeSourcery/Sourcery_CodeBench_Lite_for_ARM_EABI/lib/gcc/arm-none-eabi/4.6.3\libgcc.a(_arm_fixdfsi.o)
 .ARM.attributes
                0x00000884       0x1a C:/Program Files (x86)/CodeSourcery/Sourcery_CodeBench_Lite_for_ARM_EABI/lib/gcc/arm-none-eabi/4.6.3\libgcc.a(_aeabi_uldivmod.o)
 .ARM.attributes
                0x0000089e       0x32 C:/Program Files (x86)/CodeSourcery/Sourcery_CodeBench_Lite_for_ARM_EABI/lib/gcc/arm-none-eabi/4.6.3\libgcc.a(bpabi.o)
 .ARM.attributes
                0x000008d0       0x32 C:/Program Files (x86)/CodeSourcery/Sourcery_CodeBench_Lite_for_ARM_EABI/lib/gcc/arm-none-eabi/4.6.3\libgcc.a(_divdi3.o)
 .ARM.attributes
                0x00000902       0x32 C:/Program Files (x86)/CodeSourcery/Sourcery_CodeBench_Lite_for_ARM_EABI/lib/gcc/arm-none-eabi/4.6.3\libgcc.a(_udivdi3.o)
 .ARM.attributes
                0x00000934       0x1a C:/Program Files (x86)/CodeSourcery/Sourcery_CodeBench_Lite_for_ARM_EABI/lib/gcc/arm-none-eabi/4.6.3\libgcc.a(_clzsi2.o)

.comment        0x00000000       0x30
 .comment       0x00000000       0x30 AMP_BM_REF_DESIGN/main.o
                                 0x31 (size before relaxing)
 .comment       0x00000000       0x31 AMP_BM_REF_DESIGN/gic.o
 .comment       0x00000000       0x31 AMP_BM_REF_DESIGN/mmu.o
 .comment       0x00000000       0x31 AMP_BM_REF_DESIGN/iic_bitbang.o
 .comment       0x00000000       0x31 AMP_BM_REF_DESIGN/dma.o
 .comment       0x00000000       0x31 AMP_BM_REF_DESIGN/dma_internal.o
 .comment       0x00000000       0x31 AMP_BM_REF_DESIGN/reset_manager.o
 .comment       0x00000000       0x31 AMP_BM_REF_DESIGN/fpga_manager.o
 .comment       0x00000000       0x31 AMP_BM_REF_DESIGN/bmlog.o
 .comment       0x00000000       0x31 AMP_BM_REF_DESIGN/twd.o
 .comment       0x00000000       0x31 AMP_BM_REF_DESIGN/cache.o
 .comment       0x00000000       0x31 AMP_BM_REF_DESIGN/qspi.o
 .comment       0x00000000       0x31 AMP_BM_REF_DESIGN/boot_mode.o
 .comment       0x00000000       0x31 AMP_BM_REF_DESIGN/sd_load.o

.debug_line     0x00000000     0x223a
 .debug_line    0x00000000       0xd0 AMP_BM_REF_DESIGN/start.o
 .debug_line    0x000000d0      0x65e AMP_BM_REF_DESIGN/main.o
 .debug_line    0x0000072e       0x7b AMP_BM_REF_DESIGN/exception.o
 .debug_line    0x000007a9      0x423 AMP_BM_REF_DESIGN/gic.o
 .debug_line    0x00000bcc      0x135 AMP_BM_REF_DESIGN/mmu.o
 .debug_line    0x00000d01       0x6a AMP_BM_REF_DESIGN/memset_int.o
 .debug_line    0x00000d6b      0x24e AMP_BM_REF_DESIGN/iic_bitbang.o
 .debug_line    0x00000fb9      0x3a0 AMP_BM_REF_DESIGN/dma.o
 .debug_line    0x00001359      0x3a7 AMP_BM_REF_DESIGN/dma_internal.o
 .debug_line    0x00001700      0x113 AMP_BM_REF_DESIGN/reset_manager.o
 .debug_line    0x00001813      0x377 AMP_BM_REF_DESIGN/fpga_manager.o
 .debug_line    0x00001b8a      0x20a AMP_BM_REF_DESIGN/bmlog.o
 .debug_line    0x00001d94       0x80 AMP_BM_REF_DESIGN/twd.o
 .debug_line    0x00001e14       0x63 AMP_BM_REF_DESIGN/l2lock.o
 .debug_line    0x00001e77      0x1e2 AMP_BM_REF_DESIGN/cache.o
 .debug_line    0x00002059       0x97 AMP_BM_REF_DESIGN/qspi.o
 .debug_line    0x000020f0       0x86 AMP_BM_REF_DESIGN/boot_mode.o
 .debug_line    0x00002176       0xc4 AMP_BM_REF_DESIGN/sd_load.o

.debug_info     0x00000000     0x6a22
 .debug_info    0x00000000       0x4d AMP_BM_REF_DESIGN/start.o
 .debug_info    0x0000004d     0x1692 AMP_BM_REF_DESIGN/main.o
 .debug_info    0x000016df       0x51 AMP_BM_REF_DESIGN/exception.o
 .debug_info    0x00001730      0xea2 AMP_BM_REF_DESIGN/gic.o
 .debug_info    0x000025d2       0xed AMP_BM_REF_DESIGN/mmu.o
 .debug_info    0x000026bf       0x52 AMP_BM_REF_DESIGN/memset_int.o
 .debug_info    0x00002711      0x435 AMP_BM_REF_DESIGN/iic_bitbang.o
 .debug_info    0x00002b46      0xea2 AMP_BM_REF_DESIGN/dma.o
 .debug_info    0x000039e8      0xc7f AMP_BM_REF_DESIGN/dma_internal.o
 .debug_info    0x00004667      0x3cb AMP_BM_REF_DESIGN/reset_manager.o
 .debug_info    0x00004a32      0x840 AMP_BM_REF_DESIGN/fpga_manager.o
 .debug_info    0x00005272      0x6c2 AMP_BM_REF_DESIGN/bmlog.o
 .debug_info    0x00005934       0xe9 AMP_BM_REF_DESIGN/twd.o
 .debug_info    0x00005a1d       0x4e AMP_BM_REF_DESIGN/l2lock.o
 .debug_info    0x00005a6b      0x478 AMP_BM_REF_DESIGN/cache.o
 .debug_info    0x00005ee3      0x4de AMP_BM_REF_DESIGN/qspi.o
 .debug_info    0x000063c1       0xc4 AMP_BM_REF_DESIGN/boot_mode.o
 .debug_info    0x00006485      0x59d AMP_BM_REF_DESIGN/sd_load.o

.debug_abbrev   0x00000000     0x1b03
 .debug_abbrev  0x00000000       0x14 AMP_BM_REF_DESIGN/start.o
 .debug_abbrev  0x00000014      0x4d8 AMP_BM_REF_DESIGN/main.o
 .debug_abbrev  0x000004ec       0x14 AMP_BM_REF_DESIGN/exception.o
 .debug_abbrev  0x00000500      0x40f AMP_BM_REF_DESIGN/gic.o
 .debug_abbrev  0x0000090f       0xa9 AMP_BM_REF_DESIGN/mmu.o
 .debug_abbrev  0x000009b8       0x14 AMP_BM_REF_DESIGN/memset_int.o
 .debug_abbrev  0x000009cc      0x129 AMP_BM_REF_DESIGN/iic_bitbang.o
 .debug_abbrev  0x00000af5      0x29f AMP_BM_REF_DESIGN/dma.o
 .debug_abbrev  0x00000d94      0x1e7 AMP_BM_REF_DESIGN/dma_internal.o
 .debug_abbrev  0x00000f7b      0x188 AMP_BM_REF_DESIGN/reset_manager.o
 .debug_abbrev  0x00001103      0x1ba AMP_BM_REF_DESIGN/fpga_manager.o
 .debug_abbrev  0x000012bd      0x255 AMP_BM_REF_DESIGN/bmlog.o
 .debug_abbrev  0x00001512       0x8b AMP_BM_REF_DESIGN/twd.o
 .debug_abbrev  0x0000159d       0x14 AMP_BM_REF_DESIGN/l2lock.o
 .debug_abbrev  0x000015b1      0x1bd AMP_BM_REF_DESIGN/cache.o
 .debug_abbrev  0x0000176e      0x140 AMP_BM_REF_DESIGN/qspi.o
 .debug_abbrev  0x000018ae       0x9b AMP_BM_REF_DESIGN/boot_mode.o
 .debug_abbrev  0x00001949      0x1ba AMP_BM_REF_DESIGN/sd_load.o

.debug_aranges  0x00000000      0x248
 .debug_aranges
                0x00000000       0x20 AMP_BM_REF_DESIGN/start.o
 .debug_aranges
                0x00000020       0x28 AMP_BM_REF_DESIGN/main.o
 .debug_aranges
                0x00000048       0x20 AMP_BM_REF_DESIGN/exception.o
 .debug_aranges
                0x00000068       0x20 AMP_BM_REF_DESIGN/gic.o
 .debug_aranges
                0x00000088       0x20 AMP_BM_REF_DESIGN/mmu.o
 .debug_aranges
                0x000000a8       0x20 AMP_BM_REF_DESIGN/memset_int.o
 .debug_aranges
                0x000000c8       0x20 AMP_BM_REF_DESIGN/iic_bitbang.o
 .debug_aranges
                0x000000e8       0x20 AMP_BM_REF_DESIGN/dma.o
 .debug_aranges
                0x00000108       0x20 AMP_BM_REF_DESIGN/dma_internal.o
 .debug_aranges
                0x00000128       0x20 AMP_BM_REF_DESIGN/reset_manager.o
 .debug_aranges
                0x00000148       0x20 AMP_BM_REF_DESIGN/fpga_manager.o
 .debug_aranges
                0x00000168       0x20 AMP_BM_REF_DESIGN/bmlog.o
 .debug_aranges
                0x00000188       0x20 AMP_BM_REF_DESIGN/twd.o
 .debug_aranges
                0x000001a8       0x20 AMP_BM_REF_DESIGN/l2lock.o
 .debug_aranges
                0x000001c8       0x20 AMP_BM_REF_DESIGN/cache.o
 .debug_aranges
                0x000001e8       0x20 AMP_BM_REF_DESIGN/qspi.o
 .debug_aranges
                0x00000208       0x20 AMP_BM_REF_DESIGN/boot_mode.o
 .debug_aranges
                0x00000228       0x20 AMP_BM_REF_DESIGN/sd_load.o

.debug_loc      0x00000000     0x480e
 .debug_loc     0x00000000     0x1099 AMP_BM_REF_DESIGN/main.o
 .debug_loc     0x00001099      0x5cb AMP_BM_REF_DESIGN/gic.o
 .debug_loc     0x00001664      0x176 AMP_BM_REF_DESIGN/mmu.o
 .debug_loc     0x000017da      0x89e AMP_BM_REF_DESIGN/iic_bitbang.o
 .debug_loc     0x00002078      0xd19 AMP_BM_REF_DESIGN/dma.o
 .debug_loc     0x00002d91      0xda0 AMP_BM_REF_DESIGN/dma_internal.o
 .debug_loc     0x00003b31       0x5e AMP_BM_REF_DESIGN/reset_manager.o
 .debug_loc     0x00003b8f      0x6af AMP_BM_REF_DESIGN/fpga_manager.o
 .debug_loc     0x0000423e      0x170 AMP_BM_REF_DESIGN/bmlog.o
 .debug_loc     0x000043ae       0x13 AMP_BM_REF_DESIGN/twd.o
 .debug_loc     0x000043c1      0x323 AMP_BM_REF_DESIGN/cache.o
 .debug_loc     0x000046e4       0x3e AMP_BM_REF_DESIGN/qspi.o
 .debug_loc     0x00004722       0xec AMP_BM_REF_DESIGN/sd_load.o

.debug_ranges   0x00000000      0xfe8
 .debug_ranges  0x00000000      0x4b0 AMP_BM_REF_DESIGN/main.o
 .debug_ranges  0x000004b0      0x228 AMP_BM_REF_DESIGN/gic.o
 .debug_ranges  0x000006d8      0x240 AMP_BM_REF_DESIGN/iic_bitbang.o
 .debug_ranges  0x00000918      0x100 AMP_BM_REF_DESIGN/dma.o
 .debug_ranges  0x00000a18       0x48 AMP_BM_REF_DESIGN/reset_manager.o
 .debug_ranges  0x00000a60      0x4c8 AMP_BM_REF_DESIGN/fpga_manager.o
 .debug_ranges  0x00000f28       0x78 AMP_BM_REF_DESIGN/cache.o
 .debug_ranges  0x00000fa0       0x48 AMP_BM_REF_DESIGN/sd_load.o

.debug_str      0x00000000     0x251c
 .debug_str     0x00000000      0xa25 AMP_BM_REF_DESIGN/main.o
                                0xab0 (size before relaxing)
 .debug_str     0x00000a25      0x23c AMP_BM_REF_DESIGN/gic.o
                                0x701 (size before relaxing)
 .debug_str     0x00000c61       0x37 AMP_BM_REF_DESIGN/mmu.o
                                 0xb9 (size before relaxing)
 .debug_str     0x00000c98       0xdf AMP_BM_REF_DESIGN/iic_bitbang.o
                                0x169 (size before relaxing)
 .debug_str     0x00000d77      0xe71 AMP_BM_REF_DESIGN/dma.o
                               0x125f (size before relaxing)
 .debug_str     0x00001be8      0x362 AMP_BM_REF_DESIGN/dma_internal.o
                                0xb50 (size before relaxing)
 .debug_str     0x00001f4a      0x1c7 AMP_BM_REF_DESIGN/reset_manager.o
                                0x26f (size before relaxing)
 .debug_str     0x00002111       0xef AMP_BM_REF_DESIGN/fpga_manager.o
                                0x19b (size before relaxing)
 .debug_str     0x00002200       0xb7 AMP_BM_REF_DESIGN/bmlog.o
                                0x471 (size before relaxing)
 .debug_str     0x000022b7       0x3d AMP_BM_REF_DESIGN/twd.o
                                 0xb5 (size before relaxing)
 .debug_str     0x000022f4       0xde AMP_BM_REF_DESIGN/cache.o
                                0x16d (size before relaxing)
 .debug_str     0x000023d2       0x6a AMP_BM_REF_DESIGN/qspi.o
                                0x3e2 (size before relaxing)
 .debug_str     0x0000243c       0x2f AMP_BM_REF_DESIGN/boot_mode.o
                                 0xb2 (size before relaxing)
 .debug_str     0x0000246b       0xb1 AMP_BM_REF_DESIGN/sd_load.o
                                0x435 (size before relaxing)

.debug_frame    0x00000000     0x1350
 .debug_frame   0x00000000      0x134 AMP_BM_REF_DESIGN/main.o
 .debug_frame   0x00000134      0x18c AMP_BM_REF_DESIGN/gic.o
 .debug_frame   0x000002c0       0x38 AMP_BM_REF_DESIGN/mmu.o
 .debug_frame   0x000002f8      0x164 AMP_BM_REF_DESIGN/iic_bitbang.o
 .debug_frame   0x0000045c      0x14c AMP_BM_REF_DESIGN/dma.o
 .debug_frame   0x000005a8      0x248 AMP_BM_REF_DESIGN/dma_internal.o
 .debug_frame   0x000007f0       0xd8 AMP_BM_REF_DESIGN/reset_manager.o
 .debug_frame   0x000008c8       0x3c AMP_BM_REF_DESIGN/fpga_manager.o
 .debug_frame   0x00000904       0xa8 AMP_BM_REF_DESIGN/bmlog.o
 .debug_frame   0x000009ac       0x50 AMP_BM_REF_DESIGN/twd.o
 .debug_frame   0x000009fc       0xd8 AMP_BM_REF_DESIGN/cache.o
 .debug_frame   0x00000ad4       0x2c AMP_BM_REF_DESIGN/qspi.o
 .debug_frame   0x00000b00       0x20 AMP_BM_REF_DESIGN/boot_mode.o
 .debug_frame   0x00000b20       0x2c AMP_BM_REF_DESIGN/sd_load.o
 .debug_frame   0x00000b4c       0x2c c:/program files (x86)/codesourcery/sourcery_codebench_lite_for_arm_eabi/bin/../lib/gcc/arm-none-eabi/4.6.3/../../../../arm-none-eabi/lib\libc.a(lib_a-memcpy.o)
 .debug_frame   0x00000b78       0x28 c:/program files (x86)/codesourcery/sourcery_codebench_lite_for_arm_eabi/bin/../lib/gcc/arm-none-eabi/4.6.3/../../../../arm-none-eabi/lib\libc.a(lib_a-memset.o)
 .debug_frame   0x00000ba0       0x5c c:/program files (x86)/codesourcery/sourcery_codebench_lite_for_arm_eabi/bin/../lib/gcc/arm-none-eabi/4.6.3/../../../../arm-none-eabi/lib\libc.a(lib_a-sprintf.o)
 .debug_frame   0x00000bfc       0x3c c:/program files (x86)/codesourcery/sourcery_codebench_lite_for_arm_eabi/bin/../lib/gcc/arm-none-eabi/4.6.3/../../../../arm-none-eabi/lib\libc.a(lib_a-svfprintf.o)
 .debug_frame   0x00000c38       0x48 c:/program files (x86)/codesourcery/sourcery_codebench_lite_for_arm_eabi/bin/../lib/gcc/arm-none-eabi/4.6.3/../../../../arm-none-eabi/lib\libc.a(lib_a-vsnprintf.o)
 .debug_frame   0x00000c80       0x64 c:/program files (x86)/codesourcery/sourcery_codebench_lite_for_arm_eabi/bin/../lib/gcc/arm-none-eabi/4.6.3/../../../../arm-none-eabi/lib\libc.a(lib_a-dtoa.o)
 .debug_frame   0x00000ce4       0x98 c:/program files (x86)/codesourcery/sourcery_codebench_lite_for_arm_eabi/bin/../lib/gcc/arm-none-eabi/4.6.3/../../../../arm-none-eabi/lib\libc.a(lib_a-locale.o)
 .debug_frame   0x00000d7c       0x38 c:/program files (x86)/codesourcery/sourcery_codebench_lite_for_arm_eabi/bin/../lib/gcc/arm-none-eabi/4.6.3/../../../../arm-none-eabi/lib\libc.a(lib_a-mallocr.o)
 .debug_frame   0x00000db4       0x2c c:/program files (x86)/codesourcery/sourcery_codebench_lite_for_arm_eabi/bin/../lib/gcc/arm-none-eabi/4.6.3/../../../../arm-none-eabi/lib\libc.a(lib_a-memchr.o)
 .debug_frame   0x00000de0       0x30 c:/program files (x86)/codesourcery/sourcery_codebench_lite_for_arm_eabi/bin/../lib/gcc/arm-none-eabi/4.6.3/../../../../arm-none-eabi/lib\libc.a(lib_a-mlock.o)
 .debug_frame   0x00000e10      0x214 c:/program files (x86)/codesourcery/sourcery_codebench_lite_for_arm_eabi/bin/../lib/gcc/arm-none-eabi/4.6.3/../../../../arm-none-eabi/lib\libc.a(lib_a-mprec.o)
 .debug_frame   0x00001024       0x20 c:/program files (x86)/codesourcery/sourcery_codebench_lite_for_arm_eabi/bin/../lib/gcc/arm-none-eabi/4.6.3/../../../../arm-none-eabi/lib\libc.a(lib_a-s_fpclassify.o)
 .debug_frame   0x00001044       0x2c c:/program files (x86)/codesourcery/sourcery_codebench_lite_for_arm_eabi/bin/../lib/gcc/arm-none-eabi/4.6.3/../../../../arm-none-eabi/lib\libc.a(lib_a-sbrkr.o)
 .debug_frame   0x00001070       0x30 c:/program files (x86)/codesourcery/sourcery_codebench_lite_for_arm_eabi/bin/../lib/gcc/arm-none-eabi/4.6.3/../../../../arm-none-eabi/lib\libc.a(lib_a-strcmp.o)
 .debug_frame   0x000010a0       0x20 c:/program files (x86)/codesourcery/sourcery_codebench_lite_for_arm_eabi/bin/../lib/gcc/arm-none-eabi/4.6.3/../../../../arm-none-eabi/lib\libc.a(lib_a-strlen.o)
 .debug_frame   0x000010c0       0x64 c:/program files (x86)/codesourcery/sourcery_codebench_lite_for_arm_eabi/bin/../lib/gcc/arm-none-eabi/4.6.3/../../../../arm-none-eabi/lib\libc.a(lib_a-svfiprintf.o)
 .debug_frame   0x00001124       0x28 c:/program files (x86)/codesourcery/sourcery_codebench_lite_for_arm_eabi/bin/../lib/gcc/arm-none-eabi/4.6.3/../../../../arm-none-eabi/lib\libc.a(lib_a-callocr.o)
 .debug_frame   0x0000114c       0x50 c:/program files (x86)/codesourcery/sourcery_codebench_lite_for_arm_eabi/bin/../lib/gcc/arm-none-eabi/4.6.3/../../../../arm-none-eabi/lib\libc.a(lib_a-freer.o)
 .debug_frame   0x0000119c       0x2c c:/program files (x86)/codesourcery/sourcery_codebench_lite_for_arm_eabi/bin/../lib/gcc/arm-none-eabi/4.6.3/../../../../arm-none-eabi/lib\libc.a(lib_a-memmove.o)
 .debug_frame   0x000011c8       0x38 c:/program files (x86)/codesourcery/sourcery_codebench_lite_for_arm_eabi/bin/../lib/gcc/arm-none-eabi/4.6.3/../../../../arm-none-eabi/lib\libc.a(lib_a-reallocr.o)
 .debug_frame   0x00001200       0x68 c:/program files (x86)/codesourcery/sourcery_codebench_lite_for_arm_eabi/bin/../lib/gcc/arm-none-eabi/4.6.3/../../../../arm-none-eabi/lib\libc.a(lib_a-reent.o)
 .debug_frame   0x00001268       0x20 C:/Program Files (x86)/CodeSourcery/Sourcery_CodeBench_Lite_for_ARM_EABI/lib/gcc/arm-none-eabi/4.6.3\libgcc.a(_udivsi3.o)
 .debug_frame   0x00001288       0x58 C:/Program Files (x86)/CodeSourcery/Sourcery_CodeBench_Lite_for_ARM_EABI/lib/gcc/arm-none-eabi/4.6.3\libgcc.a(bpabi.o)
 .debug_frame   0x000012e0       0x38 C:/Program Files (x86)/CodeSourcery/Sourcery_CodeBench_Lite_for_ARM_EABI/lib/gcc/arm-none-eabi/4.6.3\libgcc.a(_divdi3.o)
 .debug_frame   0x00001318       0x38 C:/Program Files (x86)/CodeSourcery/Sourcery_CodeBench_Lite_for_ARM_EABI/lib/gcc/arm-none-eabi/4.6.3\libgcc.a(_udivdi3.o)
